[raadhuis 1/31] Lf901 → paars, 0.0s
[raadhuis 2/31] Lf902 → open, 16.3s
[raadhuis 3/31] Lp201 → open, 14.4s
[raadhuis 4/31] Lp202 → blauw, 0.1s
[raadhuis 5/31] Lp203 → blauw, 0.1s
[raadhuis 6/31] Lp204 → blauw, 0.1s
[raadhuis 7/31] Lp205 → blauw, 0.1s
[raadhuis 8/31] Lp206 → open, 14.2s
[raadhuis 9/31] Lp000 → open, 14.2s
[raadhuis 10/31] Lp001 → open, 14.7s
[raadhuis 11/31] Lp002 → open, 14.5s
[raadhuis 12/31] Lp003 → open, 14.1s
[raadhuis 13/31] Lp004 → rood, 9.1s
[raadhuis 14/31] Lr001 → geel, 15.6s
[raadhuis 15/31] Lr301 → geel, 10.4s
[raadhuis 16/31] Lr302 → blauw, 0.1s
[raadhuis 17/31] Lr303 → geel, 4.3s
[raadhuis 18/31] Lr304 → blauw, 0.2s
[raadhuis 19/31] Ls001 → open, 9.2s
[raadhuis 20/31] Ls002 → geel, 6.9s
[raadhuis 21/31] Ls003 → open, 6.5s
[raadhuis 22/31] Ls004 → open, 6.2s
[raadhuis 23/31] Ls005 → geel, 5.8s
[raadhuis 24/31] Ls006 → rood, 26.0s
[raadhuis 25/31] Ls201 → blauw, 0.1s
[raadhuis 26/31] Ls202 → blauw, 0.2s
[raadhuis 27/31] Ls203 → blauw, 0.1s
[raadhuis 28/31] Lw001 → open, 4.0s
[raadhuis 29/31] Lw002 → geel, 3.4s
[raadhuis 30/31] Lw003 → open, 14.6s
[raadhuis 31/31] Lw101 → blauw, 0.1s
Warning: TT: undefined function: 32
Warning: TT: undefined function: 32
[tno 1/15] Lr001 → open, 18.1s
[tno 2/15] Lr301 → open, 6.2s
[tno 3/15] Lr302 → open, 1.3s
[tno 4/15] Lp201 → open, 5.2s
[tno 5/15] Lp202 → open, 5.1s
[tno 6/15] Lr303 → open, 1.3s
[tno 7/15] Lr304 → open, 1.3s
[tno 8/15] Lw201 → open, 0.4s
[tno 9/15] Lr305 → open, 1.3s
[tno 10/15] Ls001 → blauw, 0.1s
[tno 11/15] Ls002 → groen, 7.9s
[tno 12/15] Ls003 → open, 7.8s
[tno 13/15] Lp203 → blauw, 0.2s
[tno 14/15] Lp602 → geel, 5.0s
[tno 15/15] Lp101 → open, 148.3s
